Archive member included because of file (symbol)

c:/avr_programming/eclipse/avr toolchain/bin/../lib/gcc/avr/5.4.0/avr5\libgcc.a(_mulsi3.o)
                              ./subprograms/calibration.o (__mulsi3)
c:/avr_programming/eclipse/avr toolchain/bin/../lib/gcc/avr/5.4.0/avr5\libgcc.a(_udivmodhi4.o)
                              ./subprograms/count_kpm.o (__udivmodhi4)
c:/avr_programming/eclipse/avr toolchain/bin/../lib/gcc/avr/5.4.0/avr5\libgcc.a(_divmodhi4.o)
                              ./subprograms/calibration.o (__divmodhi4)
c:/avr_programming/eclipse/avr toolchain/bin/../lib/gcc/avr/5.4.0/avr5\libgcc.a(_udivmodsi4.o)
                              ./subprograms/calibration.o (__udivmodsi4)
c:/avr_programming/eclipse/avr toolchain/bin/../lib/gcc/avr/5.4.0/avr5\libgcc.a(_exit.o)
                              c:/avr_programming/eclipse/avr toolchain/bin/../lib/gcc/avr/5.4.0/../../../../avr/lib/avr5/crtatmega328p.o (exit)
c:/avr_programming/eclipse/avr toolchain/bin/../lib/gcc/avr/5.4.0/avr5\libgcc.a(_tablejump2.o)
                              ./subprograms/calibration.o (__tablejump2__)
c:/avr_programming/eclipse/avr toolchain/bin/../lib/gcc/avr/5.4.0/avr5\libgcc.a(_copy_data.o)
                              ./buttons/buttons.o (__do_copy_data)
c:/avr_programming/eclipse/avr toolchain/bin/../lib/gcc/avr/5.4.0/avr5\libgcc.a(_clear_bss.o)
                              ./subprograms/calibration.o (__do_clear_bss)
c:/avr_programming/eclipse/avr toolchain/bin/../lib/gcc/avr/5.4.0/avr5\libgcc.a(_umulhisi3.o)
                              ./subprograms/calibration.o (__umulhisi3)
c:/avr_programming/eclipse/avr toolchain/bin/../lib/gcc/avr/5.4.0/avr5\libgcc.a(_muluhisi3.o)
                              ./subprograms/calibration.o (__muluhisi3)
c:/avr_programming/eclipse/avr toolchain/bin/../lib/gcc/avr/5.4.0/../../../../avr/lib/avr5\libc.a(memcpy_P.o)
                              ./data.o (memcpy_P)
c:/avr_programming/eclipse/avr toolchain/bin/../lib/gcc/avr/5.4.0/../../../../avr/lib/avr5\libc.a(strcpy_P.o)
                              ./subprograms/settings.o (strcpy_P)
c:/avr_programming/eclipse/avr toolchain/bin/../lib/gcc/avr/5.4.0/../../../../avr/lib/avr5\libc.a(ltoa.o)
                              ./HD44780_LCD/hd44780.o (__ltoa)
c:/avr_programming/eclipse/avr toolchain/bin/../lib/gcc/avr/5.4.0/../../../../avr/lib/avr5\libc.a(ltoa_ncheck.o)
                              c:/avr_programming/eclipse/avr toolchain/bin/../lib/gcc/avr/5.4.0/../../../../avr/lib/avr5\libc.a(ltoa.o) (__ltoa_ncheck)
c:/avr_programming/eclipse/avr toolchain/bin/../lib/gcc/avr/5.4.0/../../../../avr/lib/avr5\libc.a(ultoa_ncheck.o)
                              c:/avr_programming/eclipse/avr toolchain/bin/../lib/gcc/avr/5.4.0/../../../../avr/lib/avr5\libc.a(ltoa_ncheck.o) (__ultoa_common)
c:/avr_programming/eclipse/avr toolchain/bin/../lib/gcc/avr/5.4.0/../../../../avr/lib/avr5\libc.a(fdevopen.o)
                              ./HD44780_LCD/hd44780.o (fdevopen)
c:/avr_programming/eclipse/avr toolchain/bin/../lib/gcc/avr/5.4.0/../../../../avr/lib/avr5\libc.a(iob.o)
                              c:/avr_programming/eclipse/avr toolchain/bin/../lib/gcc/avr/5.4.0/../../../../avr/lib/avr5\libc.a(fdevopen.o) (__iob)
c:/avr_programming/eclipse/avr toolchain/bin/../lib/gcc/avr/5.4.0/../../../../avr/lib/avr5\libc.a(eerd_block_atmega328p.o)
                              ./data.o (__eerd_block_m328p)
c:/avr_programming/eclipse/avr toolchain/bin/../lib/gcc/avr/5.4.0/../../../../avr/lib/avr5\libc.a(eerd_byte_atmega328p.o)
                              ./data.o (__eerd_byte_m328p)
c:/avr_programming/eclipse/avr toolchain/bin/../lib/gcc/avr/5.4.0/../../../../avr/lib/avr5\libc.a(eewr_block_atmega328p.o)
                              ./data.o (__eewr_block_m328p)
c:/avr_programming/eclipse/avr toolchain/bin/../lib/gcc/avr/5.4.0/../../../../avr/lib/avr5\libc.a(eewr_byte_atmega328p.o)
                              ./data.o (__eewr_byte_m328p)
c:/avr_programming/eclipse/avr toolchain/bin/../lib/gcc/avr/5.4.0/../../../../avr/lib/avr5\libc.a(calloc.o)
                              c:/avr_programming/eclipse/avr toolchain/bin/../lib/gcc/avr/5.4.0/../../../../avr/lib/avr5\libc.a(fdevopen.o) (calloc)
c:/avr_programming/eclipse/avr toolchain/bin/../lib/gcc/avr/5.4.0/../../../../avr/lib/avr5\libc.a(malloc.o)
                              c:/avr_programming/eclipse/avr toolchain/bin/../lib/gcc/avr/5.4.0/../../../../avr/lib/avr5\libc.a(calloc.o) (malloc)
c:/avr_programming/eclipse/avr toolchain/bin/../lib/gcc/avr/5.4.0/../../../../avr/lib/avr5\libc.a(memset.o)
                              c:/avr_programming/eclipse/avr toolchain/bin/../lib/gcc/avr/5.4.0/../../../../avr/lib/avr5\libc.a(calloc.o) (memset)
c:/avr_programming/eclipse/avr toolchain/bin/../lib/gcc/avr/5.4.0/../../../../avr/lib/avr5\libc.a(strrev.o)
                              c:/avr_programming/eclipse/avr toolchain/bin/../lib/gcc/avr/5.4.0/../../../../avr/lib/avr5\libc.a(ultoa_ncheck.o) (strrev)

Allocating common symbols
Common symbol       size              file

TimerShort1         0x1               ./data.o
TimerShort2         0x1               ./data.o
__brkval            0x2               c:/avr_programming/eclipse/avr toolchain/bin/../lib/gcc/avr/5.4.0/../../../../avr/lib/avr5\libc.a(malloc.o)
led_blink_timer     0x2               ./data.o
blink_events        0xe               ./led.o
c                   0x2               ./subprograms/calibration.o
TimerLong           0x2               ./data.o
__flp               0x2               c:/avr_programming/eclipse/avr toolchain/bin/../lib/gcc/avr/5.4.0/../../../../avr/lib/avr5\libc.a(malloc.o)
__iob               0x6               c:/avr_programming/eclipse/avr toolchain/bin/../lib/gcc/avr/5.4.0/../../../../avr/lib/avr5\libc.a(iob.o)
pm                  0x1               ./subprograms/calibration.o

Memory Configuration

Name             Origin             Length             Attributes
text             0x00000000         0x00020000         xr
data             0x00800060         0x0000ffa0         rw !x
eeprom           0x00810000         0x00010000         rw !x
fuse             0x00820000         0x00000400         rw !x
lock             0x00830000         0x00000400         rw !x
signature        0x00840000         0x00000400         rw !x
user_signatures  0x00850000         0x00000400         rw !x
*default*        0x00000000         0xffffffff

Linker script and memory map

Address of section .data set to 0x800100
LOAD c:/avr_programming/eclipse/avr toolchain/bin/../lib/gcc/avr/5.4.0/../../../../avr/lib/avr5/crtatmega328p.o
LOAD ./subprograms/calibration.o
LOAD ./subprograms/common_subprograms.o
LOAD ./subprograms/count_kpm.o
LOAD ./subprograms/encoder_counter.o
LOAD ./subprograms/encoder_test.o
LOAD ./subprograms/info.o
LOAD ./subprograms/limit_sw_test.o
LOAD ./subprograms/settings.o
LOAD ./buttons/buttons.o
LOAD ./HD44780_LCD/font.o
LOAD ./HD44780_LCD/hd44780.o
LOAD ./HD44780_LCD/hd44780_phy_layer.o
LOAD ./data.o
LOAD ./helpers.o
LOAD ./led.o
LOAD ./main.o
LOAD ./math_calculations.o
LOAD ./menu.o
LOAD ./program_manager.o
START GROUP
LOAD c:/avr_programming/eclipse/avr toolchain/bin/../lib/gcc/avr/5.4.0/avr5\libgcc.a
LOAD c:/avr_programming/eclipse/avr toolchain/bin/../lib/gcc/avr/5.4.0/../../../../avr/lib/avr5\libm.a
LOAD c:/avr_programming/eclipse/avr toolchain/bin/../lib/gcc/avr/5.4.0/../../../../avr/lib/avr5\libc.a
LOAD c:/avr_programming/eclipse/avr toolchain/bin/../lib/gcc/avr/5.4.0/../../../../avr/lib/avr5\libatmega328p.a
END GROUP

.hash
 *(.hash)

.dynsym
 *(.dynsym)

.dynstr
 *(.dynstr)

.gnu.version
 *(.gnu.version)

.gnu.version_d
 *(.gnu.version_d)

.gnu.version_r
 *(.gnu.version_r)

.rel.init
 *(.rel.init)

.rela.init
 *(.rela.init)

.rel.text
 *(.rel.text)
 *(.rel.text.*)
 *(.rel.gnu.linkonce.t*)

.rela.text
 *(.rela.text)
 *(.rela.text.*)
 *(.rela.gnu.linkonce.t*)

.rel.fini
 *(.rel.fini)

.rela.fini
 *(.rela.fini)

.rel.rodata
 *(.rel.rodata)
 *(.rel.rodata.*)
 *(.rel.gnu.linkonce.r*)

.rela.rodata
 *(.rela.rodata)
 *(.rela.rodata.*)
 *(.rela.gnu.linkonce.r*)

.rel.data
 *(.rel.data)
 *(.rel.data.*)
 *(.rel.gnu.linkonce.d*)

.rela.data
 *(.rela.data)
 *(.rela.data.*)
 *(.rela.gnu.linkonce.d*)

.rel.ctors
 *(.rel.ctors)

.rela.ctors
 *(.rela.ctors)

.rel.dtors
 *(.rel.dtors)

.rela.dtors
 *(.rela.dtors)

.rel.got
 *(.rel.got)

.rela.got
 *(.rela.got)

.rel.bss
 *(.rel.bss)

.rela.bss
 *(.rela.bss)

.rel.plt
 *(.rel.plt)

.rela.plt
 *(.rela.plt)

.text           0x00000000     0x306c
 *(.vectors)
 .vectors       0x00000000       0x68 c:/avr_programming/eclipse/avr toolchain/bin/../lib/gcc/avr/5.4.0/../../../../avr/lib/avr5/crtatmega328p.o
                0x00000000                __vector_default
                0x00000000                __vectors
 *(.vectors)
 *(.progmem.gcc*)
 .progmem.gcc_sw_table.run_bkv_calibration
                0x00000068       0x18 ./subprograms/calibration.o
 .progmem.gcc_sw_table.run_bxv_calibration
                0x00000080       0x10 ./subprograms/calibration.o
                0x00000090                . = ALIGN (0x2)
                0x00000090                __trampolines_start = .
 *(.trampolines)
 .trampolines   0x00000090        0x0 linker stubs
 *(.trampolines*)
                0x00000090                __trampolines_end = .
 *(.progmem*)
 .progmem.data.__c.2043
                0x00000090       0x11 ./subprograms/calibration.o
 .progmem.data.__c.2041
                0x000000a1       0x11 ./subprograms/calibration.o
 .progmem.data.__c.2071
                0x000000b2        0x8 ./subprograms/calibration.o
 .progmem.data.__c.2073
                0x000000ba        0xe ./subprograms/calibration.o
 .progmem.data.__c.2060
                0x000000c8       0x11 ./subprograms/calibration.o
 .progmem.data.__c.2062
                0x000000d9       0x11 ./subprograms/calibration.o
 .progmem.data.__c.2015
                0x000000ea       0x11 ./subprograms/calibration.o
 .progmem.data.__c.2012
                0x000000fb       0x11 ./subprograms/calibration.o
 .progmem.data.__c.2009
                0x0000010c       0x11 ./subprograms/calibration.o
 .progmem.data.__c.2006
                0x0000011d       0x11 ./subprograms/calibration.o
 .progmem.data.__c.2002
                0x0000012e       0x11 ./subprograms/calibration.o
 .progmem.data.__c.1992
                0x0000013f        0x2 ./subprograms/calibration.o
 .progmem.data.__c.1956
                0x00000141        0x6 ./subprograms/count_kpm.o
 .progmem.data.__c.1979
                0x00000147        0x9 ./subprograms/count_kpm.o
 .progmem.data.__c.1981
                0x00000150        0x9 ./subprograms/count_kpm.o
 .progmem.data.__c.1968
                0x00000159        0x3 ./subprograms/encoder_counter.o
 .progmem.data.__c.1966
                0x0000015c        0x7 ./subprograms/encoder_counter.o
 .progmem.data.__c.1979
                0x00000163       0x10 ./subprograms/encoder_counter.o
 .progmem.data.__c.2039
                0x00000173        0x5 ./subprograms/encoder_test.o
 .progmem.data.__c.2035
                0x00000178        0xc ./subprograms/encoder_test.o
 .progmem.data.__c.2037
                0x00000184        0x9 ./subprograms/encoder_test.o
 .progmem.data.__c.2033
                0x0000018d        0x2 ./subprograms/encoder_test.o
 .progmem.data.__c.2031
                0x0000018f        0xc ./subprograms/encoder_test.o
 .progmem.data.__c.2025
                0x0000019b        0xc ./subprograms/encoder_test.o
 .progmem.data.__c.2023
                0x000001a7        0xc ./subprograms/encoder_test.o
 .progmem.data.__c.2021
                0x000001b3        0x2 ./subprograms/encoder_test.o
 .progmem.data.__c.2019
                0x000001b5        0x2 ./subprograms/encoder_test.o
 .progmem.data.__c.2017
                0x000001b7       0x10 ./subprograms/encoder_test.o
 .progmem.data.__c.2046
                0x000001c7        0x2 ./subprograms/encoder_test.o
 .progmem.data.__c.2044
                0x000001c9        0x2 ./subprograms/encoder_test.o
 .progmem.data.__c.2051
                0x000001cb        0x8 ./subprograms/encoder_test.o
 .progmem.data.__c.2053
                0x000001d3        0xb ./subprograms/encoder_test.o
 .progmem.data.__c.1954
                0x000001de       0x11 ./subprograms/info.o
 .progmem.data.__c.1956
                0x000001ef       0x11 ./subprograms/info.o
 .progmem.data.__c.1988
                0x00000200        0x3 ./subprograms/limit_sw_test.o
 .progmem.data.__c.1986
                0x00000203        0x3 ./subprograms/limit_sw_test.o
 .progmem.data.__c.1982
                0x00000206       0x11 ./subprograms/limit_sw_test.o
 .progmem.data.__c.1984
                0x00000217        0x8 ./subprograms/limit_sw_test.o
 .progmem.data.__c.2169
                0x0000021f       0x10 ./subprograms/settings.o
 .progmem.data.__c.2137
                0x0000022f       0x10 ./subprograms/settings.o
 .progmem.data.__c.2158
                0x0000023f        0xf ./subprograms/settings.o
 .progmem.data.__c.2101
                0x0000024e       0x10 ./subprograms/settings.o
 .progmem.data.__c.2087
                0x0000025e        0xd ./subprograms/settings.o
 .progmem.data.__c.2089
                0x0000026b        0xc ./subprograms/settings.o
 .progmem.data.__c.2074
                0x00000277        0xf ./subprograms/settings.o
 .progmem.data.__c.2076
                0x00000286        0xe ./subprograms/settings.o
 .progmem.data.__c.2061
                0x00000294        0xd ./subprograms/settings.o
 .progmem.data.__c.2063
                0x000002a1        0xe ./subprograms/settings.o
 .progmem.data.__c.2028
                0x000002af        0xf ./subprograms/settings.o
 .progmem.data.__c.2030
                0x000002be       0x11 ./subprograms/settings.o
 .progmem.data.__c.2043
                0x000002cf        0x4 ./subprograms/settings.o
 .progmem.data.__c.2041
                0x000002d3        0x4 ./subprograms/settings.o
 .progmem.data.__c.2048
                0x000002d7        0xd ./subprograms/settings.o
 .progmem.data.__c.2050
                0x000002e4        0xe ./subprograms/settings.o
 .progmem.data.charSwap
                0x000002f2        0x8 ./HD44780_LCD/font.o
                0x000002f2                charSwap
 .progmem.data.charTick
                0x000002fa        0x8 ./HD44780_LCD/font.o
                0x000002fa                charTick
 .progmem.data.charRight
                0x00000302        0x8 ./HD44780_LCD/font.o
                0x00000302                charRight
 .progmem.data.charLeft
                0x0000030a        0x8 ./HD44780_LCD/font.o
                0x0000030a                charLeft
 .progmem.data.charSS
                0x00000312        0x8 ./HD44780_LCD/font.o
                0x00000312                charSS
 .progmem.data.charMi
                0x0000031a        0x8 ./HD44780_LCD/font.o
                0x0000031a                charMi
 .progmem.data.charZ2
                0x00000322        0x8 ./HD44780_LCD/font.o
                0x00000322                charZ2
 .progmem.data.charZ
                0x0000032a        0x8 ./HD44780_LCD/font.o
                0x0000032a                charZ
 .progmem.data.charL
                0x00000332        0x8 ./HD44780_LCD/font.o
                0x00000332                charL
 .progmem.data.charE
                0x0000033a        0x8 ./HD44780_LCD/font.o
                0x0000033a                charE
 .progmem.data.charA
                0x00000342        0x8 ./HD44780_LCD/font.o
                0x00000342                charA
 .progmem.data.charO
                0x0000034a        0x8 ./HD44780_LCD/font.o
                0x0000034a                charO
 .progmem.data.charN
                0x00000352        0x8 ./HD44780_LCD/font.o
                0x00000352                charN
 .progmem.data.charC
                0x0000035a        0x8 ./HD44780_LCD/font.o
                0x0000035a                charC
 .progmem.data.charS
                0x00000362        0x8 ./HD44780_LCD/font.o
                0x00000362                charS
 .progmem.data.default_data_PGM
                0x0000036a       0x1e ./data.o
                0x0000036a                default_data_PGM
 .progmem.data.profile
                0x00000388        0x4 ./data.o
                0x00000388                profile
 .progmem.data.cal_data_BKV
                0x0000038c       0x19 ./data.o
                0x0000038c                cal_data_BKV
 .progmem.data.cal_data_BXV
                0x000003a5       0x19 ./data.o
                0x000003a5                cal_data_BXV
 .progmem.data.__c.1981
                0x000003be        0x2 ./menu.o
 .progmem.data.__c.1979
                0x000003c0        0x2 ./menu.o
 .progmem.data.__c.1977
                0x000003c2        0x2 ./menu.o
 .progmem.data.__c.1975
                0x000003c4        0x2 ./menu.o
 .progmem.data.__c.1973
                0x000003c6        0x2 ./menu.o
 .progmem.data.__c.1971
                0x000003c8        0x2 ./menu.o
 .progmem.data.__c.1981
                0x000003ca        0xf ./program_manager.o
 .progmem.data.__c.1979
                0x000003d9        0xe ./program_manager.o
                0x000003e8                . = ALIGN (0x2)
 *fill*         0x000003e7        0x1 
 *(.jumptables)
 *(.jumptables*)
 *(.lowtext)
 *(.lowtext*)
                0x000003e8                __ctors_start = .
 *(.ctors)
                0x000003e8                __ctors_end = .
                0x000003e8                __dtors_start = .
 *(.dtors)
                0x000003e8                __dtors_end = .
 SORT(*)(.ctors)
 SORT(*)(.dtors)
 *(.init0)
 .init0         0x000003e8        0x0 c:/avr_programming/eclipse/avr toolchain/bin/../lib/gcc/avr/5.4.0/../../../../avr/lib/avr5/crtatmega328p.o
                0x000003e8                __init
 *(.init0)
 *(.init1)
 *(.init1)
 *(.init2)
 .init2         0x000003e8        0xc c:/avr_programming/eclipse/avr toolchain/bin/../lib/gcc/avr/5.4.0/../../../../avr/lib/avr5/crtatmega328p.o
 *(.init2)
 *(.init3)
 *(.init3)
 *(.init4)
 .init4         0x000003f4       0x16 c:/avr_programming/eclipse/avr toolchain/bin/../lib/gcc/avr/5.4.0/avr5\libgcc.a(_copy_data.o)
                0x000003f4                __do_copy_data
 .init4         0x0000040a       0x10 c:/avr_programming/eclipse/avr toolchain/bin/../lib/gcc/avr/5.4.0/avr5\libgcc.a(_clear_bss.o)
                0x0000040a                __do_clear_bss
 *(.init4)
 *(.init5)
 *(.init5)
 *(.init6)
 *(.init6)
 *(.init7)
 *(.init7)
 *(.init8)
 *(.init8)
 *(.init9)
 .init9         0x0000041a        0x8 c:/avr_programming/eclipse/avr toolchain/bin/../lib/gcc/avr/5.4.0/../../../../avr/lib/avr5/crtatmega328p.o
 *(.init9)
 *(.text)
 .text          0x00000422        0x4 c:/avr_programming/eclipse/avr toolchain/bin/../lib/gcc/avr/5.4.0/../../../../avr/lib/avr5/crtatmega328p.o
                0x00000422                __vector_22
                0x00000422                __vector_24
                0x00000422                __vector_12
                0x00000422                __bad_interrupt
                0x00000422                __vector_6
                0x00000422                __vector_3
                0x00000422                __vector_23
                0x00000422                __vector_25
                0x00000422                __vector_11
                0x00000422                __vector_13
                0x00000422                __vector_17
                0x00000422                __vector_19
                0x00000422                __vector_7
                0x00000422                __vector_5
                0x00000422                __vector_4
                0x00000422                __vector_21
                0x00000422                __vector_15
                0x00000422                __vector_8
                0x00000422                __vector_14
                0x00000422                __vector_10
                0x00000422                __vector_18
                0x00000422                __vector_20
 .text          0x00000426        0x0 ./subprograms/calibration.o
 .text          0x00000426        0x0 ./subprograms/common_subprograms.o
 .text          0x00000426        0x0 ./subprograms/count_kpm.o
 .text          0x00000426        0x0 ./subprograms/encoder_counter.o
 .text          0x00000426        0x0 ./subprograms/encoder_test.o
 .text          0x00000426        0x0 ./subprograms/info.o
 .text          0x00000426        0x0 ./subprograms/limit_sw_test.o
 .text          0x00000426        0x0 ./subprograms/settings.o
 .text          0x00000426        0x0 ./buttons/buttons.o
 .text          0x00000426        0x0 ./HD44780_LCD/font.o
 .text          0x00000426        0x0 ./HD44780_LCD/hd44780.o
 .text          0x00000426        0x0 ./HD44780_LCD/hd44780_phy_layer.o
 .text          0x00000426        0x0 ./data.o
 .text          0x00000426        0x0 ./helpers.o
 .text          0x00000426        0x0 ./led.o
 .text          0x00000426        0x0 ./main.o
 .text          0x00000426        0x0 ./math_calculations.o
 .text          0x00000426        0x0 ./menu.o
 .text          0x00000426        0x0 ./program_manager.o
 .text          0x00000426        0x0 c:/avr_programming/eclipse/avr toolchain/bin/../lib/gcc/avr/5.4.0/avr5\libgcc.a(_mulsi3.o)
 .text          0x00000426        0x0 c:/avr_programming/eclipse/avr toolchain/bin/../lib/gcc/avr/5.4.0/avr5\libgcc.a(_udivmodhi4.o)
 .text          0x00000426        0x0 c:/avr_programming/eclipse/avr toolchain/bin/../lib/gcc/avr/5.4.0/avr5\libgcc.a(_divmodhi4.o)
 .text          0x00000426        0x0 c:/avr_programming/eclipse/avr toolchain/bin/../lib/gcc/avr/5.4.0/avr5\libgcc.a(_udivmodsi4.o)
 .text          0x00000426        0x0 c:/avr_programming/eclipse/avr toolchain/bin/../lib/gcc/avr/5.4.0/avr5\libgcc.a(_exit.o)
 .text          0x00000426        0x0 c:/avr_programming/eclipse/avr toolchain/bin/../lib/gcc/avr/5.4.0/avr5\libgcc.a(_tablejump2.o)
 .text          0x00000426        0x0 c:/avr_programming/eclipse/avr toolchain/bin/../lib/gcc/avr/5.4.0/avr5\libgcc.a(_copy_data.o)
 .text          0x00000426        0x0 c:/avr_programming/eclipse/avr toolchain/bin/../lib/gcc/avr/5.4.0/avr5\libgcc.a(_clear_bss.o)
 .text          0x00000426        0x0 c:/avr_programming/eclipse/avr toolchain/bin/../lib/gcc/avr/5.4.0/avr5\libgcc.a(_umulhisi3.o)
 .text          0x00000426        0x0 c:/avr_programming/eclipse/avr toolchain/bin/../lib/gcc/avr/5.4.0/avr5\libgcc.a(_muluhisi3.o)
 .text          0x00000426        0x0 c:/avr_programming/eclipse/avr toolchain/bin/../lib/gcc/avr/5.4.0/../../../../avr/lib/avr5\libc.a(memcpy_P.o)
 .text          0x00000426        0x0 c:/avr_programming/eclipse/avr toolchain/bin/../lib/gcc/avr/5.4.0/../../../../avr/lib/avr5\libc.a(strcpy_P.o)
 .text          0x00000426        0x0 c:/avr_programming/eclipse/avr toolchain/bin/../lib/gcc/avr/5.4.0/../../../../avr/lib/avr5\libc.a(ltoa.o)
 .text          0x00000426        0x0 c:/avr_programming/eclipse/avr toolchain/bin/../lib/gcc/avr/5.4.0/../../../../avr/lib/avr5\libc.a(ltoa_ncheck.o)
 .text          0x00000426        0x0 c:/avr_programming/eclipse/avr toolchain/bin/../lib/gcc/avr/5.4.0/../../../../avr/lib/avr5\libc.a(ultoa_ncheck.o)
 .text          0x00000426        0x0 c:/avr_programming/eclipse/avr toolchain/bin/../lib/gcc/avr/5.4.0/../../../../avr/lib/avr5\libc.a(fdevopen.o)
 .text          0x00000426        0x0 c:/avr_programming/eclipse/avr toolchain/bin/../lib/gcc/avr/5.4.0/../../../../avr/lib/avr5\libc.a(iob.o)
 .text          0x00000426        0x0 c:/avr_programming/eclipse/avr toolchain/bin/../lib/gcc/avr/5.4.0/../../../../avr/lib/avr5\libc.a(eerd_block_atmega328p.o)
 .text          0x00000426        0x0 c:/avr_programming/eclipse/avr toolchain/bin/../lib/gcc/avr/5.4.0/../../../../avr/lib/avr5\libc.a(eerd_byte_atmega328p.o)
 .text          0x00000426        0x0 c:/avr_programming/eclipse/avr toolchain/bin/../lib/gcc/avr/5.4.0/../../../../avr/lib/avr5\libc.a(eewr_block_atmega328p.o)
 .text          0x00000426        0x0 c:/avr_programming/eclipse/avr toolchain/bin/../lib/gcc/avr/5.4.0/../../../../avr/lib/avr5\libc.a(eewr_byte_atmega328p.o)
 .text          0x00000426        0x0 c:/avr_programming/eclipse/avr toolchain/bin/../lib/gcc/avr/5.4.0/../../../../avr/lib/avr5\libc.a(calloc.o)
 .text          0x00000426        0x0 c:/avr_programming/eclipse/avr toolchain/bin/../lib/gcc/avr/5.4.0/../../../../avr/lib/avr5\libc.a(malloc.o)
 .text          0x00000426        0x0 c:/avr_programming/eclipse/avr toolchain/bin/../lib/gcc/avr/5.4.0/../../../../avr/lib/avr5\libc.a(memset.o)
 .text          0x00000426        0x0 c:/avr_programming/eclipse/avr toolchain/bin/../lib/gcc/avr/5.4.0/../../../../avr/lib/avr5\libc.a(strrev.o)
                0x00000426                . = ALIGN (0x2)
 *(.text.*)
 .text.show_gui_2nd_line
                0x00000426      0x29e ./subprograms/calibration.o
 .text.prepare_calibration_context
                0x000006c4       0x6e ./subprograms/calibration.o
 .text.move_through_stages_odd
                0x00000732       0x38 ./subprograms/calibration.o
 .text.show_gui.constprop.6
                0x0000076a       0x66 ./subprograms/calibration.o
 .text.prepare_for_gui.constprop.5
                0x000007d0       0x1a ./subprograms/calibration.o
 .text.move_through_stages_even.constprop.4
                0x000007ea       0x9e ./subprograms/calibration.o
 .text.calibration
                0x00000888       0x60 ./subprograms/calibration.o
 .text.run_bkv_calibration
                0x000008e8       0xd6 ./subprograms/calibration.o
 .text.run_bxv_calibration
                0x000009be       0xba ./subprograms/calibration.o
 .text.start_custom_calibration
                0x00000a78       0x18 ./subprograms/calibration.o
                0x00000a78                start_custom_calibration
 .text.start_bxv_calibration
                0x00000a90       0x20 ./subprograms/calibration.o
                0x00000a90                start_bxv_calibration
 .text.start_bkv_calibration
                0x00000ab0       0x20 ./subprograms/calibration.o
                0x00000ab0                start_bkv_calibration
 .text.__vector_2
                0x00000ad0       0x82 ./subprograms/calibration.o
                0x00000ad0                __vector_2
 .text.__vector_1
                0x00000b52       0x82 ./subprograms/calibration.o
                0x00000b52                __vector_1
 .text.write_str_to_lcd
                0x00000bd4       0x40 ./subprograms/common_subprograms.o
                0x00000bd4                write_str_to_lcd
 .text.reset_and_go_to_menu
                0x00000c14       0x14 ./subprograms/count_kpm.o
 .text.reset_measure
                0x00000c28       0x18 ./subprograms/count_kpm.o
 .text.start_count_kpm
                0x00000c40       0x32 ./subprograms/count_kpm.o
 .text.count_kpm
                0x00000c72      0x138 ./subprograms/count_kpm.o
 .text.hidden_proc1
                0x00000daa       0x36 ./subprograms/count_kpm.o
 .text.hidden_proc2
                0x00000de0       0x32 ./subprograms/count_kpm.o
 .text.hidden_proc3
                0x00000e12       0x36 ./subprograms/count_kpm.o
 .text.hidden_proc4
                0x00000e48       0x36 ./subprograms/count_kpm.o
 .text.hidden_proc5
                0x00000e7e       0x40 ./subprograms/count_kpm.o
 .text.react_on_hidden_timer_end
                0x00000ebe       0x12 ./subprograms/count_kpm.o
                0x00000ebe                react_on_hidden_timer_end
 .text.start_hidden_procedure
                0x00000ed0       0x36 ./subprograms/count_kpm.o
                0x00000ed0                start_hidden_procedure
 .text.show_gui
                0x00000f06       0x56 ./subprograms/encoder_counter.o
 .text.encoder_counter
                0x00000f5c       0xa2 ./subprograms/encoder_counter.o
 .text.show_gui_if_enco_changed
                0x00000ffe       0x16 ./subprograms/encoder_counter.o
 .text.start_encoder_counter
                0x00001014       0x52 ./subprograms/encoder_counter.o
                0x00001014                start_encoder_counter
 .text.cleanup  0x00001066       0x10 ./subprograms/encoder_test.o
 .text.encoder_test
                0x00001076       0x88 ./subprograms/encoder_test.o
 .text.encoder_process
                0x000010fe      0x34c ./subprograms/encoder_test.o
 .text.start_encoder_test
                0x0000144a       0x88 ./subprograms/encoder_test.o
                0x0000144a                start_encoder_test
 .text.show_version
                0x000014d2       0x32 ./subprograms/info.o
 .text.auto_close_info
                0x00001504       0x16 ./subprograms/info.o
 .text.start_show_version
                0x0000151a       0x2c ./subprograms/info.o
                0x0000151a                start_show_version
 .text.limit_sw_test
                0x00001546       0x82 ./subprograms/limit_sw_test.o
 .text.start_limit_sw_test
                0x000015c8       0x20 ./subprograms/limit_sw_test.o
                0x000015c8                start_limit_sw_test
 .text.reset_blink
                0x000015e8       0x14 ./subprograms/settings.o
 .text.show_imp_per_rotation
                0x000015fc        0x2 ./subprograms/settings.o
 .text.common_start
                0x000015fe       0x2c ./subprograms/settings.o
 .text.show_prompt
                0x0000162a       0x34 ./subprograms/settings.o
 .text.show_prompt_change
                0x0000165e        0xc ./subprograms/settings.o
 .text.show_prompt_save
                0x0000166a        0xc ./subprograms/settings.o
 .text.show_prompt_reset
                0x00001676        0xc ./subprograms/settings.o
 .text.show_prompt_load_profile
                0x00001682        0xc ./subprograms/settings.o
 .text.common_button_handle
                0x0000168e       0x80 ./subprograms/settings.o
 .text.show_gui
                0x0000170e       0x24 ./subprograms/settings.o
 .text.swap     0x00001732       0x1e ./subprograms/settings.o
 .text.save_settings
                0x00001750       0x1e ./subprograms/settings.o
 .text.reset_settings
                0x0000176e       0x1e ./subprograms/settings.o
 .text.load_profile
                0x0000178c      0x122 ./subprograms/settings.o
 .text.set_restriction_edit_num
                0x000018ae       0x60 ./subprograms/settings.o
 .text.set_imp_per_rotation
                0x0000190e       0x40 ./subprograms/settings.o
 .text.set_restriction_edit_denom
                0x0000194e       0xa6 ./subprograms/settings.o
 .text.wait     0x000019f4       0x16 ./subprograms/settings.o
 .text.blink_number
                0x00001a0a       0x30 ./subprograms/settings.o
 .text.show_restriction_edit
                0x00001a3a      0x16c ./subprograms/settings.o
 .text.start_swap_fa_fc
                0x00001ba6       0x10 ./subprograms/settings.o
                0x00001ba6                start_swap_fa_fc
 .text.start_save_settings
                0x00001bb6       0x10 ./subprograms/settings.o
                0x00001bb6                start_save_settings
 .text.start_reset_settings
                0x00001bc6       0x10 ./subprograms/settings.o
                0x00001bc6                start_reset_settings
 .text.start_load_profile
                0x00001bd6       0x38 ./subprograms/settings.o
                0x00001bd6                start_load_profile
 .text.start_set_restriction
                0x00001c0e       0x56 ./subprograms/settings.o
                0x00001c0e                start_set_restriction
 .text.start_set_imp_per_rotation
                0x00001c64       0x42 ./subprograms/settings.o
                0x00001c64                start_set_imp_per_rotation
 .text.buttons_init
                0x00001ca6        0xe ./buttons/buttons.o
                0x00001ca6                buttons_init
 .text.register_on_button_pressed_callback
                0x00001cb4        0xa ./buttons/buttons.o
                0x00001cb4                register_on_button_pressed_callback
 .text.register_on_button_released_callback
                0x00001cbe        0xa ./buttons/buttons.o
                0x00001cbe                register_on_button_released_callback
 .text.buttons_time_base
                0x00001cc8       0x1a ./buttons/buttons.o
                0x00001cc8                buttons_time_base
 .text.BUTTONS_EVENT
                0x00001ce2       0x58 ./buttons/buttons.o
                0x00001ce2                BUTTONS_EVENT
 .text.font_init
                0x00001d3a       0x50 ./HD44780_LCD/font.o
                0x00001d3a                font_init
 .text.put.2120
                0x00001d8a        0xa ./HD44780_LCD/hd44780.o
 .text.lcd_print_str
                0x00001d94       0x22 ./HD44780_LCD/hd44780.o
                0x00001d94                lcd_print_str
 .text.lcd_print_str_P
                0x00001db6       0x26 ./HD44780_LCD/hd44780.o
                0x00001db6                lcd_print_str_P
 .text.lcd_init_printf
                0x00001ddc        0xc ./HD44780_LCD/hd44780.o
                0x00001ddc                lcd_init_printf
 .text.lcd_print_number
                0x00001de8       0x3c ./HD44780_LCD/hd44780.o
                0x00001de8                lcd_print_number
 .text._lcd_read_byte
                0x00001e24       0x3a ./HD44780_LCD/hd44780_phy_layer.o
                0x00001e24                _lcd_read_byte
 .text.check_busy_flag
                0x00001e5e        0x6 ./HD44780_LCD/hd44780_phy_layer.o
                0x00001e5e                check_busy_flag
 .text._lcd_write_byte
                0x00001e64       0x72 ./HD44780_LCD/hd44780_phy_layer.o
                0x00001e64                _lcd_write_byte
 .text.lcd_write_cmd
                0x00001ed6        0x6 ./HD44780_LCD/hd44780_phy_layer.o
                0x00001ed6                lcd_write_cmd
 .text.lcd_put_char
                0x00001edc        0x6 ./HD44780_LCD/hd44780_phy_layer.o
                0x00001edc                lcd_put_char
 .text.lcd_goto_XY
                0x00001ee2        0xe ./HD44780_LCD/hd44780_phy_layer.o
                0x00001ee2                lcd_goto_XY
 .text.lcd_defchar
                0x00001ef0       0x3a ./HD44780_LCD/hd44780_phy_layer.o
                0x00001ef0                lcd_defchar
 .text.lcd_defchar_P
                0x00001f2a       0x3e ./HD44780_LCD/hd44780_phy_layer.o
                0x00001f2a                lcd_defchar_P
 .text.lcd_cursor_on
                0x00001f68        0x6 ./HD44780_LCD/hd44780_phy_layer.o
                0x00001f68                lcd_cursor_on
 .text.lcd_blink_on
                0x00001f6e        0x6 ./HD44780_LCD/hd44780_phy_layer.o
                0x00001f6e                lcd_blink_on
 .text.lcd_blink_off
                0x00001f74        0x6 ./HD44780_LCD/hd44780_phy_layer.o
                0x00001f74                lcd_blink_off
 .text.lcd_cursor_off
                0x00001f7a        0x4 ./HD44780_LCD/hd44780_phy_layer.o
                0x00001f7a                lcd_cursor_off
 .text.lcd_clear
                0x00001f7e       0x36 ./HD44780_LCD/hd44780_phy_layer.o
                0x00001f7e                lcd_clear
 .text.lcd_init
                0x00001fb4       0x9c ./HD44780_LCD/hd44780_phy_layer.o
                0x00001fb4                lcd_init
 .text.save_data
                0x00002050       0x2a ./data.o
                0x00002050                save_data
 .text.load_data_from_EEPROM
                0x0000207a       0x34 ./data.o
                0x0000207a                load_data_from_EEPROM
 .text.load_default_data
                0x000020ae       0x24 ./data.o
                0x000020ae                load_default_data
 .text.load_motor_profile
                0x000020d2        0xe ./data.o
                0x000020d2                load_motor_profile
 .text.num_len  0x000020e0       0x44 ./helpers.o
                0x000020e0                num_len
 .text.fa_on    0x00002124       0x16 ./helpers.o
                0x00002124                fa_on
 .text.fa_off   0x0000213a       0x16 ./helpers.o
                0x0000213a                fa_off
 .text.fa_tog   0x00002150       0x1c ./helpers.o
                0x00002150                fa_tog
 .text.fc_on    0x0000216c       0x16 ./helpers.o
                0x0000216c                fc_on
 .text.fc_off   0x00002182       0x16 ./helpers.o
                0x00002182                fc_off
 .text.fc_tog   0x00002198       0x1c ./helpers.o
                0x00002198                fc_tog
 .text.swap_fa_fc
                0x000021b4       0x14 ./helpers.o
                0x000021b4                swap_fa_fc
 .text.show_option_name
                0x000021c8       0x42 ./helpers.o
                0x000021c8                show_option_name
 .text.__vector_9
                0x0000220a       0x94 ./helpers.o
                0x0000220a                __vector_9
 .text.millis   0x0000229e       0x18 ./helpers.o
                0x0000229e                millis
 .text.micros   0x000022b6       0x46 ./helpers.o
                0x000022b6                micros
 .text.reset_time
                0x000022fc       0x34 ./helpers.o
                0x000022fc                reset_time
 .text.led_blink_n_times
                0x00002330       0x9a ./led.o
                0x00002330                led_blink_n_times
 .text.event_leds_init
                0x000023ca       0x1c ./led.o
                0x000023ca                event_leds_init
 .text.set_blinking
                0x000023e6       0x34 ./led.o
                0x000023e6                set_blinking
 .text.blink_at_on
                0x0000241a        0xe ./led.o
                0x0000241a                blink_at_on
 .text.blink_at_off
                0x00002428        0xe ./led.o
                0x00002428                blink_at_off
 .text.blink_at_err
                0x00002436        0xe ./led.o
                0x00002436                blink_at_err
 .text.BLINK_EVENT
                0x00002444       0x14 ./led.o
                0x00002444                BLINK_EVENT
 .text.user_input
                0x00002458        0x4 ./main.o
                0x00002458                user_input
 .text.hidden_input
                0x0000245c        0x4 ./main.o
                0x0000245c                hidden_input
 .text.timers_init
                0x00002460       0x26 ./main.o
                0x00002460                timers_init
 .text.external_int_init
                0x00002486       0x12 ./main.o
                0x00002486                external_int_init
 .text.system_init
                0x00002498       0x26 ./main.o
                0x00002498                system_init
 .text.startup.main
                0x000024be       0x2c ./main.o
                0x000024be                main
 .text.__vector_16
                0x000024ea       0x50 ./main.o
                0x000024ea                __vector_16
 .text.math_gate_len_to_imp
                0x0000253a       0x6c ./math_calculations.o
                0x0000253a                math_gate_len_to_imp
 .text.show_user_menu
                0x000025a6      0x132 ./menu.o
                0x000025a6                show_user_menu
 .text.menu_init
                0x000026d8      0x1b2 ./menu.o
                0x000026d8                menu_init
 .text.user_menu
                0x0000288a       0xbc ./menu.o
                0x0000288a                user_menu
 .text.pm_init  0x00002946       0x1e ./program_manager.o
                0x00002946                pm_init
 .text.get_user_input
                0x00002964       0x16 ./program_manager.o
                0x00002964                get_user_input
 .text.enter_program
                0x0000297a       0x1e ./program_manager.o
                0x0000297a                enter_program
 .text.continue_program
                0x00002998       0x20 ./program_manager.o
                0x00002998                continue_program
 .text.run_continuous_procedure
                0x000029b8       0x1c ./program_manager.o
                0x000029b8                run_continuous_procedure
 .text.set_continuous_procedure
                0x000029d4       0x14 ./program_manager.o
                0x000029d4                set_continuous_procedure
 .text.exit_continuous_procedure
                0x000029e8       0x14 ./program_manager.o
                0x000029e8                exit_continuous_procedure
 .text.exit_to_menu
                0x000029fc       0x1c ./program_manager.o
                0x000029fc                exit_to_menu
 .text.get_hidden_input
                0x00002a18       0x62 ./program_manager.o
                0x00002a18                get_hidden_input
 .text.go_to_menu
                0x00002a7a       0x18 ./program_manager.o
                0x00002a7a                go_to_menu
 .text.ERROR_HANDLER_EVENT
                0x00002a92       0x3a ./program_manager.o
                0x00002a92                ERROR_HANDLER_EVENT
 .text.program_time_base
                0x00002acc       0x66 ./program_manager.o
                0x00002acc                program_time_base
 .text.libgcc.mul
                0x00002b32       0x20 c:/avr_programming/eclipse/avr toolchain/bin/../lib/gcc/avr/5.4.0/avr5\libgcc.a(_mulsi3.o)
                0x00002b32                __mulsi3
 .text.libgcc.div
                0x00002b52        0x0 c:/avr_programming/eclipse/avr toolchain/bin/../lib/gcc/avr/5.4.0/avr5\libgcc.a(_mulsi3.o)
 .text.libgcc   0x00002b52        0x0 c:/avr_programming/eclipse/avr toolchain/bin/../lib/gcc/avr/5.4.0/avr5\libgcc.a(_mulsi3.o)
 .text.libgcc.prologue
                0x00002b52        0x0 c:/avr_programming/eclipse/avr toolchain/bin/../lib/gcc/avr/5.4.0/avr5\libgcc.a(_mulsi3.o)
 .text.libgcc.builtins
                0x00002b52        0x0 c:/avr_programming/eclipse/avr toolchain/bin/../lib/gcc/avr/5.4.0/avr5\libgcc.a(_mulsi3.o)
 .text.libgcc.fmul
                0x00002b52        0x0 c:/avr_programming/eclipse/avr toolchain/bin/../lib/gcc/avr/5.4.0/avr5\libgcc.a(_mulsi3.o)
 .text.libgcc.fixed
                0x00002b52        0x0 c:/avr_programming/eclipse/avr toolchain/bin/../lib/gcc/avr/5.4.0/avr5\libgcc.a(_mulsi3.o)
 .text.libgcc.mul
                0x00002b52        0x0 c:/avr_programming/eclipse/avr toolchain/bin/../lib/gcc/avr/5.4.0/avr5\libgcc.a(_udivmodhi4.o)
 .text.libgcc.div
                0x00002b52       0x28 c:/avr_programming/eclipse/avr toolchain/bin/../lib/gcc/avr/5.4.0/avr5\libgcc.a(_udivmodhi4.o)
                0x00002b52                __udivmodhi4
 .text.libgcc   0x00002b7a        0x0 c:/avr_programming/eclipse/avr toolchain/bin/../lib/gcc/avr/5.4.0/avr5\libgcc.a(_udivmodhi4.o)
 .text.libgcc.prologue
                0x00002b7a        0x0 c:/avr_programming/eclipse/avr toolchain/bin/../lib/gcc/avr/5.4.0/avr5\libgcc.a(_udivmodhi4.o)
 .text.libgcc.builtins
                0x00002b7a        0x0 c:/avr_programming/eclipse/avr toolchain/bin/../lib/gcc/avr/5.4.0/avr5\libgcc.a(_udivmodhi4.o)
 .text.libgcc.fmul
                0x00002b7a        0x0 c:/avr_programming/eclipse/avr toolchain/bin/../lib/gcc/avr/5.4.0/avr5\libgcc.a(_udivmodhi4.o)
 .text.libgcc.fixed
                0x00002b7a        0x0 c:/avr_programming/eclipse/avr toolchain/bin/../lib/gcc/avr/5.4.0/avr5\libgcc.a(_udivmodhi4.o)
 .text.libgcc.mul
                0x00002b7a        0x0 c:/avr_programming/eclipse/avr toolchain/bin/../lib/gcc/avr/5.4.0/avr5\libgcc.a(_divmodhi4.o)
 .text.libgcc.div
                0x00002b7a       0x28 c:/avr_programming/eclipse/avr toolchain/bin/../lib/gcc/avr/5.4.0/avr5\libgcc.a(_divmodhi4.o)
                0x00002b7a                _div
                0x00002b7a                __divmodhi4
 .text.libgcc   0x00002ba2        0x0 c:/avr_programming/eclipse/avr toolchain/bin/../lib/gcc/avr/5.4.0/avr5\libgcc.a(_divmodhi4.o)
 .text.libgcc.prologue
                0x00002ba2        0x0 c:/avr_programming/eclipse/avr toolchain/bin/../lib/gcc/avr/5.4.0/avr5\libgcc.a(_divmodhi4.o)
 .text.libgcc.builtins
                0x00002ba2        0x0 c:/avr_programming/eclipse/avr toolchain/bin/../lib/gcc/avr/5.4.0/avr5\libgcc.a(_divmodhi4.o)
 .text.libgcc.fmul
                0x00002ba2        0x0 c:/avr_programming/eclipse/avr toolchain/bin/../lib/gcc/avr/5.4.0/avr5\libgcc.a(_divmodhi4.o)
 .text.libgcc.fixed
                0x00002ba2        0x0 c:/avr_programming/eclipse/avr toolchain/bin/../lib/gcc/avr/5.4.0/avr5\libgcc.a(_divmodhi4.o)
 .text.libgcc.mul
                0x00002ba2        0x0 c:/avr_programming/eclipse/avr toolchain/bin/../lib/gcc/avr/5.4.0/avr5\libgcc.a(_udivmodsi4.o)
 .text.libgcc.div
                0x00002ba2       0x44 c:/avr_programming/eclipse/avr toolchain/bin/../lib/gcc/avr/5.4.0/avr5\libgcc.a(_udivmodsi4.o)
                0x00002ba2                __udivmodsi4
 .text.libgcc   0x00002be6        0x0 c:/avr_programming/eclipse/avr toolchain/bin/../lib/gcc/avr/5.4.0/avr5\libgcc.a(_udivmodsi4.o)
 .text.libgcc.prologue
                0x00002be6        0x0 c:/avr_programming/eclipse/avr toolchain/bin/../lib/gcc/avr/5.4.0/avr5\libgcc.a(_udivmodsi4.o)
 .text.libgcc.builtins
                0x00002be6        0x0 c:/avr_programming/eclipse/avr toolchain/bin/../lib/gcc/avr/5.4.0/avr5\libgcc.a(_udivmodsi4.o)
 .text.libgcc.fmul
                0x00002be6        0x0 c:/avr_programming/eclipse/avr toolchain/bin/../lib/gcc/avr/5.4.0/avr5\libgcc.a(_udivmodsi4.o)
 .text.libgcc.fixed
                0x00002be6        0x0 c:/avr_programming/eclipse/avr toolchain/bin/../lib/gcc/avr/5.4.0/avr5\libgcc.a(_udivmodsi4.o)
 .text.libgcc.mul
                0x00002be6        0x0 c:/avr_programming/eclipse/avr toolchain/bin/../lib/gcc/avr/5.4.0/avr5\libgcc.a(_exit.o)
 .text.libgcc.div
                0x00002be6        0x0 c:/avr_programming/eclipse/avr toolchain/bin/../lib/gcc/avr/5.4.0/avr5\libgcc.a(_exit.o)
 .text.libgcc   0x00002be6        0x0 c:/avr_programming/eclipse/avr toolchain/bin/../lib/gcc/avr/5.4.0/avr5\libgcc.a(_exit.o)
 .text.libgcc.prologue
                0x00002be6        0x0 c:/avr_programming/eclipse/avr toolchain/bin/../lib/gcc/avr/5.4.0/avr5\libgcc.a(_exit.o)
 .text.libgcc.builtins
                0x00002be6        0x0 c:/avr_programming/eclipse/avr toolchain/bin/../lib/gcc/avr/5.4.0/avr5\libgcc.a(_exit.o)
 .text.libgcc.fmul
                0x00002be6        0x0 c:/avr_programming/eclipse/avr toolchain/bin/../lib/gcc/avr/5.4.0/avr5\libgcc.a(_exit.o)
 .text.libgcc.fixed
                0x00002be6        0x0 c:/avr_programming/eclipse/avr toolchain/bin/../lib/gcc/avr/5.4.0/avr5\libgcc.a(_exit.o)
 .text.libgcc.mul
                0x00002be6        0x0 c:/avr_programming/eclipse/avr toolchain/bin/../lib/gcc/avr/5.4.0/avr5\libgcc.a(_tablejump2.o)
 .text.libgcc.div
                0x00002be6        0x0 c:/avr_programming/eclipse/avr toolchain/bin/../lib/gcc/avr/5.4.0/avr5\libgcc.a(_tablejump2.o)
 .text.libgcc   0x00002be6        0xc c:/avr_programming/eclipse/avr toolchain/bin/../lib/gcc/avr/5.4.0/avr5\libgcc.a(_tablejump2.o)
                0x00002be6                __tablejump2__
 .text.libgcc.prologue
                0x00002bf2        0x0 c:/avr_programming/eclipse/avr toolchain/bin/../lib/gcc/avr/5.4.0/avr5\libgcc.a(_tablejump2.o)
 .text.libgcc.builtins
                0x00002bf2        0x0 c:/avr_programming/eclipse/avr toolchain/bin/../lib/gcc/avr/5.4.0/avr5\libgcc.a(_tablejump2.o)
 .text.libgcc.fmul
                0x00002bf2        0x0 c:/avr_programming/eclipse/avr toolchain/bin/../lib/gcc/avr/5.4.0/avr5\libgcc.a(_tablejump2.o)
 .text.libgcc.fixed
                0x00002bf2        0x0 c:/avr_programming/eclipse/avr toolchain/bin/../lib/gcc/avr/5.4.0/avr5\libgcc.a(_tablejump2.o)
 .text.libgcc.mul
                0x00002bf2        0x0 c:/avr_programming/eclipse/avr toolchain/bin/../lib/gcc/avr/5.4.0/avr5\libgcc.a(_copy_data.o)
 .text.libgcc.div
                0x00002bf2        0x0 c:/avr_programming/eclipse/avr toolchain/bin/../lib/gcc/avr/5.4.0/avr5\libgcc.a(_copy_data.o)
 .text.libgcc   0x00002bf2        0x0 c:/avr_programming/eclipse/avr toolchain/bin/../lib/gcc/avr/5.4.0/avr5\libgcc.a(_copy_data.o)
 .text.libgcc.prologue
                0x00002bf2        0x0 c:/avr_programming/eclipse/avr toolchain/bin/../lib/gcc/avr/5.4.0/avr5\libgcc.a(_copy_data.o)
 .text.libgcc.builtins
                0x00002bf2        0x0 c:/avr_programming/eclipse/avr toolchain/bin/../lib/gcc/avr/5.4.0/avr5\libgcc.a(_copy_data.o)
 .text.libgcc.fmul
                0x00002bf2        0x0 c:/avr_programming/eclipse/avr toolchain/bin/../lib/gcc/avr/5.4.0/avr5\libgcc.a(_copy_data.o)
 .text.libgcc.fixed
                0x00002bf2        0x0 c:/avr_programming/eclipse/avr toolchain/bin/../lib/gcc/avr/5.4.0/avr5\libgcc.a(_copy_data.o)
 .text.libgcc.mul
                0x00002bf2        0x0 c:/avr_programming/eclipse/avr toolchain/bin/../lib/gcc/avr/5.4.0/avr5\libgcc.a(_clear_bss.o)
 .text.libgcc.div
                0x00002bf2        0x0 c:/avr_programming/eclipse/avr toolchain/bin/../lib/gcc/avr/5.4.0/avr5\libgcc.a(_clear_bss.o)
 .text.libgcc   0x00002bf2        0x0 c:/avr_programming/eclipse/avr toolchain/bin/../lib/gcc/avr/5.4.0/avr5\libgcc.a(_clear_bss.o)
 .text.libgcc.prologue
                0x00002bf2        0x0 c:/avr_programming/eclipse/avr toolchain/bin/../lib/gcc/avr/5.4.0/avr5\libgcc.a(_clear_bss.o)
 .text.libgcc.builtins
                0x00002bf2        0x0 c:/avr_programming/eclipse/avr toolchain/bin/../lib/gcc/avr/5.4.0/avr5\libgcc.a(_clear_bss.o)
 .text.libgcc.fmul
                0x00002bf2        0x0 c:/avr_programming/eclipse/avr toolchain/bin/../lib/gcc/avr/5.4.0/avr5\libgcc.a(_clear_bss.o)
 .text.libgcc.fixed
                0x00002bf2        0x0 c:/avr_programming/eclipse/avr toolchain/bin/../lib/gcc/avr/5.4.0/avr5\libgcc.a(_clear_bss.o)
 .text.libgcc.mul
                0x00002bf2       0x1e c:/avr_programming/eclipse/avr toolchain/bin/../lib/gcc/avr/5.4.0/avr5\libgcc.a(_umulhisi3.o)
                0x00002bf2                __umulhisi3
 .text.libgcc.div
                0x00002c10        0x0 c:/avr_programming/eclipse/avr toolchain/bin/../lib/gcc/avr/5.4.0/avr5\libgcc.a(_umulhisi3.o)
 .text.libgcc   0x00002c10        0x0 c:/avr_programming/eclipse/avr toolchain/bin/../lib/gcc/avr/5.4.0/avr5\libgcc.a(_umulhisi3.o)
 .text.libgcc.prologue
                0x00002c10        0x0 c:/avr_programming/eclipse/avr toolchain/bin/../lib/gcc/avr/5.4.0/avr5\libgcc.a(_umulhisi3.o)
 .text.libgcc.builtins
                0x00002c10        0x0 c:/avr_programming/eclipse/avr toolchain/bin/../lib/gcc/avr/5.4.0/avr5\libgcc.a(_umulhisi3.o)
 .text.libgcc.fmul
                0x00002c10        0x0 c:/avr_programming/eclipse/avr toolchain/bin/../lib/gcc/avr/5.4.0/avr5\libgcc.a(_umulhisi3.o)
 .text.libgcc.fixed
                0x00002c10        0x0 c:/avr_programming/eclipse/avr toolchain/bin/../lib/gcc/avr/5.4.0/avr5\libgcc.a(_umulhisi3.o)
 .text.libgcc.mul
                0x00002c10       0x16 c:/avr_programming/eclipse/avr toolchain/bin/../lib/gcc/avr/5.4.0/avr5\libgcc.a(_muluhisi3.o)
                0x00002c10                __muluhisi3
 .text.libgcc.div
                0x00002c26        0x0 c:/avr_programming/eclipse/avr toolchain/bin/../lib/gcc/avr/5.4.0/avr5\libgcc.a(_muluhisi3.o)
 .text.libgcc   0x00002c26        0x0 c:/avr_programming/eclipse/avr toolchain/bin/../lib/gcc/avr/5.4.0/avr5\libgcc.a(_muluhisi3.o)
 .text.libgcc.prologue
                0x00002c26        0x0 c:/avr_programming/eclipse/avr toolchain/bin/../lib/gcc/avr/5.4.0/avr5\libgcc.a(_muluhisi3.o)
 .text.libgcc.builtins
                0x00002c26        0x0 c:/avr_programming/eclipse/avr toolchain/bin/../lib/gcc/avr/5.4.0/avr5\libgcc.a(_muluhisi3.o)
 .text.libgcc.fmul
                0x00002c26        0x0 c:/avr_programming/eclipse/avr toolchain/bin/../lib/gcc/avr/5.4.0/avr5\libgcc.a(_muluhisi3.o)
 .text.libgcc.fixed
                0x00002c26        0x0 c:/avr_programming/eclipse/avr toolchain/bin/../lib/gcc/avr/5.4.0/avr5\libgcc.a(_muluhisi3.o)
 .text.avr-libc
                0x00002c26       0x12 c:/avr_programming/eclipse/avr toolchain/bin/../lib/gcc/avr/5.4.0/../../../../avr/lib/avr5\libc.a(memcpy_P.o)
                0x00002c26                memcpy_P
 .text.avr-libc
                0x00002c38        0xe c:/avr_programming/eclipse/avr toolchain/bin/../lib/gcc/avr/5.4.0/../../../../avr/lib/avr5\libc.a(strcpy_P.o)
                0x00002c38                strcpy_P
 .text.avr-libc
                0x00002c46       0x16 c:/avr_programming/eclipse/avr toolchain/bin/../lib/gcc/avr/5.4.0/../../../../avr/lib/avr5\libc.a(ltoa.o)
                0x00002c46                ltoa
                0x00002c46                __ltoa
 .text.avr-libc
                0x00002c5c       0x1e c:/avr_programming/eclipse/avr toolchain/bin/../lib/gcc/avr/5.4.0/../../../../avr/lib/avr5\libc.a(ltoa_ncheck.o)
                0x00002c5c                __ltoa_ncheck
 .text.avr-libc
                0x00002c7a       0x44 c:/avr_programming/eclipse/avr toolchain/bin/../lib/gcc/avr/5.4.0/../../../../avr/lib/avr5\libc.a(ultoa_ncheck.o)
                0x00002c7a                __ultoa_ncheck
                0x00002c7c                __ultoa_common
 .text.avr-libc
                0x00002cbe       0x96 c:/avr_programming/eclipse/avr toolchain/bin/../lib/gcc/avr/5.4.0/../../../../avr/lib/avr5\libc.a(fdevopen.o)
                0x00002cbe                fdevopen
 .text.avr-libc
                0x00002d54       0x20 c:/avr_programming/eclipse/avr toolchain/bin/../lib/gcc/avr/5.4.0/../../../../avr/lib/avr5\libc.a(eerd_block_atmega328p.o)
                0x00002d54                __eerd_block_m328p
                0x00002d58                __eerd_blraw_m328p
 .text.avr-libc
                0x00002d74       0x10 c:/avr_programming/eclipse/avr toolchain/bin/../lib/gcc/avr/5.4.0/../../../../avr/lib/avr5\libc.a(eerd_byte_atmega328p.o)
                0x00002d74                __eerd_byte_m328p
 .text.avr-libc
                0x00002d84       0x14 c:/avr_programming/eclipse/avr toolchain/bin/../lib/gcc/avr/5.4.0/../../../../avr/lib/avr5\libc.a(eewr_block_atmega328p.o)
                0x00002d84                __eewr_block_m328p
 .text.avr-libc
                0x00002d98       0x1c c:/avr_programming/eclipse/avr toolchain/bin/../lib/gcc/avr/5.4.0/../../../../avr/lib/avr5\libc.a(eewr_byte_atmega328p.o)
                0x00002d98                __eewr_byte_m328p
                0x00002d9a                __eewr_r18_m328p
 .text.avr-libc
                0x00002db4       0x38 c:/avr_programming/eclipse/avr toolchain/bin/../lib/gcc/avr/5.4.0/../../../../avr/lib/avr5\libc.a(calloc.o)
                0x00002db4                calloc
 .text.avr-libc
                0x00002dec      0x24e c:/avr_programming/eclipse/avr toolchain/bin/../lib/gcc/avr/5.4.0/../../../../avr/lib/avr5\libc.a(malloc.o)
                0x00002dec                malloc
                0x00002f1c                free
 .text.avr-libc
                0x0000303a        0xe c:/avr_programming/eclipse/avr toolchain/bin/../lib/gcc/avr/5.4.0/../../../../avr/lib/avr5\libc.a(memset.o)
                0x0000303a                memset
 .text.avr-libc
                0x00003048       0x20 c:/avr_programming/eclipse/avr toolchain/bin/../lib/gcc/avr/5.4.0/../../../../avr/lib/avr5\libc.a(strrev.o)
                0x00003048                strrev
                0x00003068                . = ALIGN (0x2)
 *(.fini9)
 .fini9         0x00003068        0x0 c:/avr_programming/eclipse/avr toolchain/bin/../lib/gcc/avr/5.4.0/avr5\libgcc.a(_exit.o)
                0x00003068                _exit
                0x00003068                exit
 *(.fini9)
 *(.fini8)
 *(.fini8)
 *(.fini7)
 *(.fini7)
 *(.fini6)
 *(.fini6)
 *(.fini5)
 *(.fini5)
 *(.fini4)
 *(.fini4)
 *(.fini3)
 *(.fini3)
 *(.fini2)
 *(.fini2)
 *(.fini1)
 *(.fini1)
 *(.fini0)
 .fini0         0x00003068        0x4 c:/avr_programming/eclipse/avr toolchain/bin/../lib/gcc/avr/5.4.0/avr5\libgcc.a(_exit.o)
 *(.fini0)
                0x0000306c                _etext = .

.data           0x00800100      0x1fc load address 0x0000306c
                0x00800100                PROVIDE (__data_start, .)
 *(.data)
 .data          0x00800100        0x0 c:/avr_programming/eclipse/avr toolchain/bin/../lib/gcc/avr/5.4.0/../../../../avr/lib/avr5/crtatmega328p.o
 .data          0x00800100        0x0 ./subprograms/calibration.o
 .data          0x00800100        0x0 ./subprograms/common_subprograms.o
 .data          0x00800100        0x0 ./subprograms/count_kpm.o
 .data          0x00800100        0x0 ./subprograms/encoder_counter.o
 .data          0x00800100        0x0 ./subprograms/encoder_test.o
 .data          0x00800100        0x0 ./subprograms/info.o
 .data          0x00800100        0x0 ./subprograms/limit_sw_test.o
 .data          0x00800100        0x0 ./subprograms/settings.o
 .data          0x00800100        0x0 ./buttons/buttons.o
 .data          0x00800100        0x0 ./HD44780_LCD/font.o
 .data          0x00800100        0x0 ./HD44780_LCD/hd44780.o
 .data          0x00800100        0x0 ./HD44780_LCD/hd44780_phy_layer.o
 .data          0x00800100        0x0 ./data.o
 .data          0x00800100        0x0 ./helpers.o
 .data          0x00800100        0x0 ./led.o
 .data          0x00800100        0x0 ./main.o
 .data          0x00800100        0x0 ./math_calculations.o
 .data          0x00800100        0x0 ./menu.o
 .data          0x00800100        0x0 ./program_manager.o
 .data          0x00800100        0x0 c:/avr_programming/eclipse/avr toolchain/bin/../lib/gcc/avr/5.4.0/avr5\libgcc.a(_mulsi3.o)
 .data          0x00800100        0x0 c:/avr_programming/eclipse/avr toolchain/bin/../lib/gcc/avr/5.4.0/avr5\libgcc.a(_udivmodhi4.o)
 .data          0x00800100        0x0 c:/avr_programming/eclipse/avr toolchain/bin/../lib/gcc/avr/5.4.0/avr5\libgcc.a(_divmodhi4.o)
 .data          0x00800100        0x0 c:/avr_programming/eclipse/avr toolchain/bin/../lib/gcc/avr/5.4.0/avr5\libgcc.a(_udivmodsi4.o)
 .data          0x00800100        0x0 c:/avr_programming/eclipse/avr toolchain/bin/../lib/gcc/avr/5.4.0/avr5\libgcc.a(_exit.o)
 .data          0x00800100        0x0 c:/avr_programming/eclipse/avr toolchain/bin/../lib/gcc/avr/5.4.0/avr5\libgcc.a(_tablejump2.o)
 .data          0x00800100        0x0 c:/avr_programming/eclipse/avr toolchain/bin/../lib/gcc/avr/5.4.0/avr5\libgcc.a(_copy_data.o)
 .data          0x00800100        0x0 c:/avr_programming/eclipse/avr toolchain/bin/../lib/gcc/avr/5.4.0/avr5\libgcc.a(_clear_bss.o)
 .data          0x00800100        0x0 c:/avr_programming/eclipse/avr toolchain/bin/../lib/gcc/avr/5.4.0/avr5\libgcc.a(_umulhisi3.o)
 .data          0x00800100        0x0 c:/avr_programming/eclipse/avr toolchain/bin/../lib/gcc/avr/5.4.0/avr5\libgcc.a(_muluhisi3.o)
 .data          0x00800100        0x0 c:/avr_programming/eclipse/avr toolchain/bin/../lib/gcc/avr/5.4.0/../../../../avr/lib/avr5\libc.a(memcpy_P.o)
 .data          0x00800100        0x0 c:/avr_programming/eclipse/avr toolchain/bin/../lib/gcc/avr/5.4.0/../../../../avr/lib/avr5\libc.a(strcpy_P.o)
 .data          0x00800100        0x0 c:/avr_programming/eclipse/avr toolchain/bin/../lib/gcc/avr/5.4.0/../../../../avr/lib/avr5\libc.a(ltoa.o)
 .data          0x00800100        0x0 c:/avr_programming/eclipse/avr toolchain/bin/../lib/gcc/avr/5.4.0/../../../../avr/lib/avr5\libc.a(ltoa_ncheck.o)
 .data          0x00800100        0x0 c:/avr_programming/eclipse/avr toolchain/bin/../lib/gcc/avr/5.4.0/../../../../avr/lib/avr5\libc.a(ultoa_ncheck.o)
 .data          0x00800100        0x0 c:/avr_programming/eclipse/avr toolchain/bin/../lib/gcc/avr/5.4.0/../../../../avr/lib/avr5\libc.a(fdevopen.o)
 .data          0x00800100        0x0 c:/avr_programming/eclipse/avr toolchain/bin/../lib/gcc/avr/5.4.0/../../../../avr/lib/avr5\libc.a(iob.o)
 .data          0x00800100        0x0 c:/avr_programming/eclipse/avr toolchain/bin/../lib/gcc/avr/5.4.0/../../../../avr/lib/avr5\libc.a(eerd_block_atmega328p.o)
 .data          0x00800100        0x0 c:/avr_programming/eclipse/avr toolchain/bin/../lib/gcc/avr/5.4.0/../../../../avr/lib/avr5\libc.a(eerd_byte_atmega328p.o)
 .data          0x00800100        0x0 c:/avr_programming/eclipse/avr toolchain/bin/../lib/gcc/avr/5.4.0/../../../../avr/lib/avr5\libc.a(eewr_block_atmega328p.o)
 .data          0x00800100        0x0 c:/avr_programming/eclipse/avr toolchain/bin/../lib/gcc/avr/5.4.0/../../../../avr/lib/avr5\libc.a(eewr_byte_atmega328p.o)
 .data          0x00800100        0x0 c:/avr_programming/eclipse/avr toolchain/bin/../lib/gcc/avr/5.4.0/../../../../avr/lib/avr5\libc.a(calloc.o)
 .data          0x00800100        0x6 c:/avr_programming/eclipse/avr toolchain/bin/../lib/gcc/avr/5.4.0/../../../../avr/lib/avr5\libc.a(malloc.o)
                0x00800100                __malloc_heap_end
                0x00800102                __malloc_heap_start
                0x00800104                __malloc_margin
 .data          0x00800106        0x0 c:/avr_programming/eclipse/avr toolchain/bin/../lib/gcc/avr/5.4.0/../../../../avr/lib/avr5\libc.a(memset.o)
 .data          0x00800106        0x0 c:/avr_programming/eclipse/avr toolchain/bin/../lib/gcc/avr/5.4.0/../../../../avr/lib/avr5\libc.a(strrev.o)
 *(.data*)
 .data.time_flag
                0x00800106        0x1 ./buttons/buttons.o
 .data.TimerHidden
                0x00800107        0x1 ./data.o
                0x00800107                TimerHidden
 .data.gd       0x00800108        0x2 ./data.o
                0x00800108                gd
 .data.global_data
                0x0080010a       0x37 ./data.o
                0x0080010a                global_data
 .data.m_user_settings
                0x00800141       0x1a ./menu.o
 .data.m_set_restrictions
                0x0080015b       0x1a ./menu.o
 .data.m_load_profile
                0x00800175       0x1a ./menu.o
 .data.m_load_settings
                0x0080018f       0x1a ./menu.o
 .data.m_save_settings
                0x008001a9       0x1a ./menu.o
 .data.m_swap_fa_fc
                0x008001c3       0x1a ./menu.o
 .data.m_settings
                0x008001dd       0x1a ./menu.o
 .data.m_info   0x008001f7       0x1a ./menu.o
 .data.m_encoder_counter
                0x00800211       0x1a ./menu.o
 .data.m_encoder_test
                0x0080022b       0x1a ./menu.o
 .data.m_lim_sw_test
                0x00800245       0x1a ./menu.o
 .data.m_tools  0x0080025f       0x1a ./menu.o
 .data.m_testing
                0x00800279       0x1a ./menu.o
 .data.m_custom_calibration
                0x00800293       0x1a ./menu.o
 .data.m_bkv_calibration
                0x008002ad       0x1a ./menu.o
 .data.m_bxv_calibration
                0x008002c7       0x1a ./menu.o
 .data.m_calibration
                0x008002e1       0x1a ./menu.o
 *(.rodata)
 *(.rodata*)
 *(.gnu.linkonce.d*)
                0x008002fc                . = ALIGN (0x2)
 *fill*         0x008002fb        0x1 
                0x008002fc                _edata = .
                0x008002fc                PROVIDE (__data_end, .)

.bss            0x008002fc       0x82
                0x008002fc                PROVIDE (__bss_start, .)
 *(.bss)
 .bss           0x008002fc        0x0 c:/avr_programming/eclipse/avr toolchain/bin/../lib/gcc/avr/5.4.0/../../../../avr/lib/avr5/crtatmega328p.o
 .bss           0x008002fc        0x0 ./subprograms/calibration.o
 .bss           0x008002fc        0x0 ./subprograms/common_subprograms.o
 .bss           0x008002fc        0x0 ./subprograms/count_kpm.o
 .bss           0x008002fc        0x0 ./subprograms/encoder_counter.o
 .bss           0x008002fc        0x0 ./subprograms/encoder_test.o
 .bss           0x008002fc        0x0 ./subprograms/info.o
 .bss           0x008002fc        0x0 ./subprograms/limit_sw_test.o
 .bss           0x008002fc        0x0 ./subprograms/settings.o
 .bss           0x008002fc        0x0 ./buttons/buttons.o
 .bss           0x008002fc        0x0 ./HD44780_LCD/font.o
 .bss           0x008002fc        0x0 ./HD44780_LCD/hd44780.o
 .bss           0x008002fc        0x0 ./HD44780_LCD/hd44780_phy_layer.o
 .bss           0x008002fc        0x0 ./data.o
 .bss           0x008002fc        0x0 ./helpers.o
 .bss           0x008002fc        0x0 ./led.o
 .bss           0x008002fc        0x0 ./main.o
 .bss           0x008002fc        0x0 ./math_calculations.o
 .bss           0x008002fc        0x0 ./menu.o
 .bss           0x008002fc        0x0 ./program_manager.o
 .bss           0x008002fc        0x0 c:/avr_programming/eclipse/avr toolchain/bin/../lib/gcc/avr/5.4.0/avr5\libgcc.a(_mulsi3.o)
 .bss           0x008002fc        0x0 c:/avr_programming/eclipse/avr toolchain/bin/../lib/gcc/avr/5.4.0/avr5\libgcc.a(_udivmodhi4.o)
 .bss           0x008002fc        0x0 c:/avr_programming/eclipse/avr toolchain/bin/../lib/gcc/avr/5.4.0/avr5\libgcc.a(_divmodhi4.o)
 .bss           0x008002fc        0x0 c:/avr_programming/eclipse/avr toolchain/bin/../lib/gcc/avr/5.4.0/avr5\libgcc.a(_udivmodsi4.o)
 .bss           0x008002fc        0x0 c:/avr_programming/eclipse/avr toolchain/bin/../lib/gcc/avr/5.4.0/avr5\libgcc.a(_exit.o)
 .bss           0x008002fc        0x0 c:/avr_programming/eclipse/avr toolchain/bin/../lib/gcc/avr/5.4.0/avr5\libgcc.a(_tablejump2.o)
 .bss           0x008002fc        0x0 c:/avr_programming/eclipse/avr toolchain/bin/../lib/gcc/avr/5.4.0/avr5\libgcc.a(_copy_data.o)
 .bss           0x008002fc        0x0 c:/avr_programming/eclipse/avr toolchain/bin/../lib/gcc/avr/5.4.0/avr5\libgcc.a(_clear_bss.o)
 .bss           0x008002fc        0x0 c:/avr_programming/eclipse/avr toolchain/bin/../lib/gcc/avr/5.4.0/avr5\libgcc.a(_umulhisi3.o)
 .bss           0x008002fc        0x0 c:/avr_programming/eclipse/avr toolchain/bin/../lib/gcc/avr/5.4.0/avr5\libgcc.a(_muluhisi3.o)
 .bss           0x008002fc        0x0 c:/avr_programming/eclipse/avr toolchain/bin/../lib/gcc/avr/5.4.0/../../../../avr/lib/avr5\libc.a(memcpy_P.o)
 .bss           0x008002fc        0x0 c:/avr_programming/eclipse/avr toolchain/bin/../lib/gcc/avr/5.4.0/../../../../avr/lib/avr5\libc.a(strcpy_P.o)
 .bss           0x008002fc        0x0 c:/avr_programming/eclipse/avr toolchain/bin/../lib/gcc/avr/5.4.0/../../../../avr/lib/avr5\libc.a(ltoa.o)
 .bss           0x008002fc        0x0 c:/avr_programming/eclipse/avr toolchain/bin/../lib/gcc/avr/5.4.0/../../../../avr/lib/avr5\libc.a(ltoa_ncheck.o)
 .bss           0x008002fc        0x0 c:/avr_programming/eclipse/avr toolchain/bin/../lib/gcc/avr/5.4.0/../../../../avr/lib/avr5\libc.a(ultoa_ncheck.o)
 .bss           0x008002fc        0x0 c:/avr_programming/eclipse/avr toolchain/bin/../lib/gcc/avr/5.4.0/../../../../avr/lib/avr5\libc.a(fdevopen.o)
 .bss           0x008002fc        0x0 c:/avr_programming/eclipse/avr toolchain/bin/../lib/gcc/avr/5.4.0/../../../../avr/lib/avr5\libc.a(iob.o)
 .bss           0x008002fc        0x0 c:/avr_programming/eclipse/avr toolchain/bin/../lib/gcc/avr/5.4.0/../../../../avr/lib/avr5\libc.a(eerd_block_atmega328p.o)
 .bss           0x008002fc        0x0 c:/avr_programming/eclipse/avr toolchain/bin/../lib/gcc/avr/5.4.0/../../../../avr/lib/avr5\libc.a(eerd_byte_atmega328p.o)
 .bss           0x008002fc        0x0 c:/avr_programming/eclipse/avr toolchain/bin/../lib/gcc/avr/5.4.0/../../../../avr/lib/avr5\libc.a(eewr_block_atmega328p.o)
 .bss           0x008002fc        0x0 c:/avr_programming/eclipse/avr toolchain/bin/../lib/gcc/avr/5.4.0/../../../../avr/lib/avr5\libc.a(eewr_byte_atmega328p.o)
 .bss           0x008002fc        0x0 c:/avr_programming/eclipse/avr toolchain/bin/../lib/gcc/avr/5.4.0/../../../../avr/lib/avr5\libc.a(calloc.o)
 .bss           0x008002fc        0x0 c:/avr_programming/eclipse/avr toolchain/bin/../lib/gcc/avr/5.4.0/../../../../avr/lib/avr5\libc.a(malloc.o)
 .bss           0x008002fc        0x0 c:/avr_programming/eclipse/avr toolchain/bin/../lib/gcc/avr/5.4.0/../../../../avr/lib/avr5\libc.a(memset.o)
 .bss           0x008002fc        0x0 c:/avr_programming/eclipse/avr toolchain/bin/../lib/gcc/avr/5.4.0/../../../../avr/lib/avr5\libc.a(strrev.o)
 *(.bss*)
 .bss.measurement.2015
                0x008002fc       0x20 ./subprograms/encoder_test.o
 .bss.prev_period.2013
                0x0080031c        0x4 ./subprograms/encoder_test.o
 .bss.period.2014
                0x00800320        0x4 ./subprograms/encoder_test.o
 .bss.prev_time.2012
                0x00800324        0x4 ./subprograms/encoder_test.o
 .bss.c         0x00800328        0x2 ./subprograms/encoder_test.o
 .bss.on_button_released
                0x0080032a        0x2 ./buttons/buttons.o
 .bss.on_button_pressed
                0x0080032c        0x2 ./buttons/buttons.o
 .bss.bs_prev   0x0080032e        0x1 ./buttons/buttons.o
 .bss.button_status
                0x0080032f        0x1 ./buttons/buttons.o
 .bss.timer2_fract
                0x00800330        0x1 ./helpers.o
                0x00800330                timer2_fract
 .bss.timer2_millis
                0x00800331        0x4 ./helpers.o
                0x00800331                timer2_millis
 .bss.timer2_overflow_count
                0x00800335        0x4 ./helpers.o
                0x00800335                timer2_overflow_count
 .bss.program_context
                0x00800339       0x24 ./program_manager.o
 *(COMMON)
 COMMON         0x0080035d        0x3 ./subprograms/calibration.o
                0x0080035d                c
                0x0080035f                pm
 COMMON         0x00800360        0x6 ./data.o
                0x00800360                TimerShort1
                0x00800361                TimerShort2
                0x00800362                led_blink_timer
                0x00800364                TimerLong
 COMMON         0x00800366        0xe ./led.o
                0x00800366                blink_events
 COMMON         0x00800374        0x6 c:/avr_programming/eclipse/avr toolchain/bin/../lib/gcc/avr/5.4.0/../../../../avr/lib/avr5\libc.a(iob.o)
                0x00800374                __iob
 COMMON         0x0080037a        0x4 c:/avr_programming/eclipse/avr toolchain/bin/../lib/gcc/avr/5.4.0/../../../../avr/lib/avr5\libc.a(malloc.o)
                0x0080037a                __brkval
                0x0080037c                __flp
                0x0080037e                PROVIDE (__bss_end, .)
                0x0000306c                __data_load_start = LOADADDR (.data)
                0x00003268                __data_load_end = (__data_load_start + SIZEOF (.data))

.noinit         0x0080037e        0x0
                0x0080037e                PROVIDE (__noinit_start, .)
 *(.noinit*)
                0x0080037e                PROVIDE (__noinit_end, .)
                0x0080037e                _end = .
                0x0080037e                PROVIDE (__heap_start, .)

.eeprom         0x00810000       0x37
 *(.eeprom*)
 .eeprom        0x00810000       0x37 ./data.o
                0x00810000                user_profile_EEM
                0x00810019                config_data_EEM
                0x00810037                __eeprom_end = .

.fuse
 *(.fuse)
 *(.lfuse)
 *(.hfuse)
 *(.efuse)

.lock
 *(.lock*)

.signature
 *(.signature*)

.user_signatures
 *(.user_signatures*)

.stab
 *(.stab)

.stabstr
 *(.stabstr)

.stab.excl
 *(.stab.excl)

.stab.exclstr
 *(.stab.exclstr)

.stab.index
 *(.stab.index)

.stab.indexstr
 *(.stab.indexstr)

.comment        0x00000000       0x60
 *(.comment)
 .comment       0x00000000       0x30 ./subprograms/calibration.o
                                 0x31 (size before relaxing)
 .comment       0x00000000       0x31 ./subprograms/common_subprograms.o
 .comment       0x00000000       0x31 ./subprograms/count_kpm.o
 .comment       0x00000000       0x31 ./subprograms/encoder_counter.o
 .comment       0x00000000       0x31 ./subprograms/encoder_test.o
 .comment       0x00000000       0x31 ./subprograms/info.o
 .comment       0x00000000       0x31 ./subprograms/limit_sw_test.o
 .comment       0x00000000       0x31 ./subprograms/settings.o
 .comment       0x00000000       0x31 ./buttons/buttons.o
 .comment       0x00000000       0x31 ./HD44780_LCD/font.o
 .comment       0x00000000       0x31 ./HD44780_LCD/hd44780.o
 .comment       0x00000000       0x31 ./HD44780_LCD/hd44780_phy_layer.o
 .comment       0x00000000       0x31 ./data.o
 .comment       0x00000000       0x31 ./helpers.o
 .comment       0x00000000       0x31 ./led.o
 .comment       0x00000000       0x31 ./main.o
 .comment       0x00000000       0x31 ./math_calculations.o
 .comment       0x00000000       0x31 ./menu.o
 .comment       0x00000000       0x31 ./program_manager.o
 .comment       0x00000030       0x30 c:/avr_programming/eclipse/avr toolchain/bin/../lib/gcc/avr/5.4.0/../../../../avr/lib/avr5\libc.a(fdevopen.o)
                                 0x31 (size before relaxing)
 .comment       0x00000000       0x31 c:/avr_programming/eclipse/avr toolchain/bin/../lib/gcc/avr/5.4.0/../../../../avr/lib/avr5\libc.a(iob.o)
 .comment       0x00000000       0x31 c:/avr_programming/eclipse/avr toolchain/bin/../lib/gcc/avr/5.4.0/../../../../avr/lib/avr5\libc.a(calloc.o)
 .comment       0x00000000       0x31 c:/avr_programming/eclipse/avr toolchain/bin/../lib/gcc/avr/5.4.0/../../../../avr/lib/avr5\libc.a(malloc.o)

.note.gnu.avr.deviceinfo
                0x00000000       0x40
 .note.gnu.avr.deviceinfo
                0x00000000       0x40 c:/avr_programming/eclipse/avr toolchain/bin/../lib/gcc/avr/5.4.0/../../../../avr/lib/avr5/crtatmega328p.o

.note.gnu.build-id
 *(.note.gnu.build-id)

.debug
 *(.debug)

.line
 *(.line)

.debug_srcinfo
 *(.debug_srcinfo)

.debug_sfnames
 *(.debug_sfnames)

.debug_aranges
 *(.debug_aranges)

.debug_pubnames
 *(.debug_pubnames)

.debug_info     0x00000000      0x5f4
 *(.debug_info .gnu.linkonce.wi.*)
 .debug_info    0x00000000      0x5f4 c:/avr_programming/eclipse/avr toolchain/bin/../lib/gcc/avr/5.4.0/../../../../avr/lib/avr5/crtatmega328p.o

.debug_abbrev   0x00000000      0x5a2
 *(.debug_abbrev)
 .debug_abbrev  0x00000000      0x5a2 c:/avr_programming/eclipse/avr toolchain/bin/../lib/gcc/avr/5.4.0/../../../../avr/lib/avr5/crtatmega328p.o

.debug_line     0x00000000       0x1a
 *(.debug_line .debug_line.* .debug_line_end)
 .debug_line    0x00000000       0x1a c:/avr_programming/eclipse/avr toolchain/bin/../lib/gcc/avr/5.4.0/../../../../avr/lib/avr5/crtatmega328p.o

.debug_frame
 *(.debug_frame)

.debug_str      0x00000000      0x208
 *(.debug_str)
 .debug_str     0x00000000      0x208 c:/avr_programming/eclipse/avr toolchain/bin/../lib/gcc/avr/5.4.0/../../../../avr/lib/avr5/crtatmega328p.o

.debug_loc
 *(.debug_loc)

.debug_macinfo
 *(.debug_macinfo)

.debug_weaknames
 *(.debug_weaknames)

.debug_funcnames
 *(.debug_funcnames)

.debug_typenames
 *(.debug_typenames)

.debug_varnames
 *(.debug_varnames)

.debug_pubtypes
 *(.debug_pubtypes)

.debug_ranges
 *(.debug_ranges)

.debug_macro
 *(.debug_macro)
OUTPUT(BKV_calibration_tool.elf elf32-avr)
LOAD linker stubs
